{  
  "$schema": "https://raw.githubusercontent.com/raspberrypi/picotool/develop/json/schemas/partition-table-schema.json",  
  "version": [1, 0],  
  "unpartitioned": {
    "families": ["absolute"],
    "permissions": { "secure":"rw", "nonsecure":"rw", "bootloader":"rw" }
  },
  "partitions": [
    {
      "name": "bootloader",
      "id": 0,
      "size": "24K",
      "families": ["rp2350-arm-s"],
      "permissions": { "secure":"rw", "nonsecure":"rw", "bootloader":"rw" }
    },
    {
      "name": "stage2",
      "id": 1,
      "size": "remaining",
      "families": ["rp2350-arm-s"],
      "permissions": { "secure":"rw", "nonsecure":"rw", "bootloader":"rw" }
    }
  ]
}

